<?xml version="1.0" encoding="utf-8"?><testsuites><testsuite name="pytest" errors="0" failures="0" skipped="0" tests="13" time="4.148" timestamp="2025-11-12T22:43:53.232461" hostname="745d9a4c299e"><testcase classname="tests.test_lldpSyncDaemon.TestLldpSyncDaemon" name="test_changed_deleted_interface" time="1.067" /><testcase classname="tests.test_lldpSyncDaemon.TestLldpSyncDaemon" name="test_changed_interface" time="2.027" /><testcase classname="tests.test_lldpSyncDaemon.TestLldpSyncDaemon" name="test_invalid_chassis_name" time="0.022" /><testcase classname="tests.test_lldpSyncDaemon.TestLldpSyncDaemon" name="test_loc_chassis" time="0.013" /><testcase classname="tests.test_lldpSyncDaemon.TestLldpSyncDaemon" name="test_local_mgmt_ip_no_neighbors" time="0.002" /><testcase classname="tests.test_lldpSyncDaemon.TestLldpSyncDaemon" name="test_multiple_mgmt_ip" time="0.004" /><testcase classname="tests.test_lldpSyncDaemon.TestLldpSyncDaemon" name="test_parse_json" time="0.011" /><testcase classname="tests.test_lldpSyncDaemon.TestLldpSyncDaemon" name="test_parse_short" time="0.002" /><testcase classname="tests.test_lldpSyncDaemon.TestLldpSyncDaemon" name="test_parse_short_short" time="0.002" /><testcase classname="tests.test_lldpSyncDaemon.TestLldpSyncDaemon" name="test_remote_sys_capability_list" time="0.002" /><testcase classname="tests.test_lldpSyncDaemon.TestLldpSyncDaemon" name="test_single_mgmt_ip" time="0.002" /><testcase classname="tests.test_lldpSyncDaemon.TestLldpSyncDaemon" name="test_sync_roundtrip" time="0.010" /><testcase classname="tests.test_lldpSyncDaemon.TestLldpSyncDaemon" name="test_timeparse" time="0.003" /></testsuite></testsuites>